
Note: No compatibility mode selected!


Circuit: ** sch_path: /home/sriram/mcd_vs/_runs/run_2026-06-30_13-24-20/parameters/tran_params/run_110/ota-5t-tran.sch

Doing analysis at TEMP = 130.000000 and TNOM = 27.000000

Using SPARSE 1.3 as Direct Linear Solver
Operating point simulation skipped by 'uic',
  now using transient initial conditions.
 Reference value :  5.00000e-11
 Reference value :  4.67334e-07
 Reference value :  8.77334e-07
 Reference value :  1.25750e-06
 Reference value :  1.70250e-06
 Reference value :  2.17750e-06
 Reference value :  3.87750e-06
 Reference value :  6.41250e-06
 Reference value :  8.91750e-06
 Reference value :  1.10175e-05
 Reference value :  1.32475e-05
No. of Data Rows : 3024
tcross              =  1.24794e-08
tstart              =  0.00000e+00
Note: Simulation executed from .control section 
