
Note: No compatibility mode selected!


Circuit: ** sch_path: /home/sriram/mcd_vs/_runs/run_2026-06-30_13-24-20/parameters/tran_params/run_111/ota-5t-tran.sch

Doing analysis at TEMP = -40.000000 and TNOM = 27.000000

Using SPARSE 1.3 as Direct Linear Solver
Operating point simulation skipped by 'uic',
  now using transient initial conditions.
 Reference value :  5.47039e-11
 Reference value :  2.37704e-07
 Reference value :  6.32704e-07
 Reference value :  1.12210e-06
 Reference value :  1.46862e-06
 Reference value :  1.78862e-06
 Reference value :  3.36862e-06
 Reference value :  5.54362e-06
 Reference value :  8.09862e-06
 Reference value :  1.02536e-05
 Reference value :  1.29036e-05
No. of Data Rows : 3026
tcross              =  1.40491e-08
tstart              =  0.00000e+00
Note: Simulation executed from .control section 
