Running parameters: ac_params, ac_mc_params, noise_params, tran_params
Generating simulation netlist from schematic…
Parameter ac_params: Generating simulation files…
Parameter ac_mc_params: Generating simulation files…
Parameter noise_params: Generating simulation files…
Parameter tran_params: Generating simulation files…
Collating results using condition "iterations"
Parameter ac_mc_params: Running simulations…
Parameter ac_mc_params: Collecting results…
Running user-defined script '[repr.filename][link=file:///home/sriram/MCD_VS/cace/scripts/ota-5t-ac.py]cace/scripts/ota-5t-ac.py[/link][/repr.filename]'…
gain_mc_arr = [1.00367, 1.00342, 1.00364, 1.00352, 1.00379, 1.00369, 1.00326, 1.00372, 1.00397, 1.00336, 1.00367, 1.00334, 1.00395, 1.00333, 1.00359, 1.00346, 1.00354, 1.00341, 1.00332, 1.00396, 1.00397, 1.00369, 1.00347, 1.00375, 1.00352, 1.00357, 1.00344, 1.00373, 1.00379, 1.00358, 1.00422, 1.00361, 1.00341, 1.00359, 1.00333, 1.00338, 1.00379, 1.0039, 1.00358, 1.00386, 1.00352, 1.00343, 1.00371, 1.0038, 1.00396, 1.00336, 1.00383, 1.00361, 1.00369, 1.00365, 1.00348, 1.00348, 1.00355, 1.0037, 1.00366, 1.00366, 1.00372, 1.00316, 1.00369, 1.00368, 1.00349, 1.00355, 1.00388, 1.00377, 1.00341, 1.004, 1.00376, 1.00361, 1.00387, 1.00367, 1.0038, 1.00364, 1.00337, 1.0041, 1.00355, 1.00368, 1.00383, 1.00379, 1.00372, 1.00362, 1.00359, 1.00389, 1.00362, 1.00348, 1.00334, 1.00392, 1.00355, 1.00335, 1.00363, 1.004, 1.0038, 1.00352, 1.0036, 1.00355, 1.00337, 1.00381, 1.00346, 1.0034, 1.00388, 1.00366]
gain_mc_arr = [1.00367, 1.00342, 1.00364, 1.00352, 1.00379, 1.00369, 1.00326, 1.00372, 1.00397, 1.00336, 1.00367, 1.00334, 1.00395, 1.00333, 1.00359, 1.00346, 1.00354, 1.00341, 1.00332, 1.00396, 1.00397, 1.00369, 1.00347, 1.00375, 1.00352, 1.00357, 1.00344, 1.00373, 1.00379, 1.00358, 1.00422, 1.00361, 1.00341, 1.00359, 1.00333, 1.00338, 1.00379, 1.0039, 1.00358, 1.00386, 1.00352, 1.00343, 1.00371, 1.0038, 1.00396, 1.00336, 1.00383, 1.00361, 1.00369, 1.00365, 1.00348, 1.00348, 1.00355, 1.0037, 1.00366, 1.00366, 1.00372, 1.00316, 1.00369, 1.00368, 1.00349, 1.00355, 1.00388, 1.00377, 1.00341, 1.004, 1.00376, 1.00361, 1.00387, 1.00367, 1.0038, 1.00364, 1.00337, 1.0041, 1.00355, 1.00368, 1.00383, 1.00379, 1.00372, 1.00362, 1.00359, 1.00389, 1.00362, 1.00348, 1.00334, 1.00392, 1.00355, 1.00335, 1.00363, 1.004, 1.0038, 1.00352, 1.0036, 1.00355, 1.00337, 1.00381, 1.00346, 1.0034, 1.00388, 1.00366]
bw_mc_arr = [8928620.0, 8812990.0, 8753410.0, 8952630.0, 9006010.0, 9008520.0, 8759260.0, 8789920.0, 8729130.0, 8711010.0, 8777440.0, 8783460.0, 9061070.0, 8749560.0, 8843520.0, 8798670.0, 8861840.0, 8879620.0, 8862160.0, 9165240.0, 8975140.0, 8775870.0, 8838380.0, 8774000.0, 8710940.0, 8867580.0, 8865900.0, 8947590.0, 8928150.0, 8792450.0, 8918790.0, 8848910.0, 8682490.0, 8724140.0, 8801590.0, 8757570.0, 8966840.0, 8886420.0, 8700670.0, 8951300.0, 8837140.0, 8858200.0, 8978000.0, 8839720.0, 8882960.0, 8702380.0, 8881020.0, 8825460.0, 8966930.0, 8778960.0, 8701030.0, 8826940.0, 8753040.0, 8687370.0, 8989360.0, 8854530.0, 8852620.0, 8712440.0, 8752960.0, 8953860.0, 8761180.0, 8943450.0, 8880950.0, 8957390.0, 8890180.0, 8957490.0, 8849130.0, 8830820.0, 8954710.0, 8697010.0, 8884900.0, 8910040.0, 8696930.0, 8988200.0, 8770590.0, 8836560.0, 9070230.0, 8995090.0, 8856340.0, 8854790.0, 8800660.0, 9067730.0, 8776890.0, 8891870.0, 8720290.0, 8963390.0, 8689650.0, 8819880.0, 8929720.0, 8962920.0, 8908420.0, 8737080.0, 8842590.0, 8924610.0, 8741790.0, 9003870.0, 8700950.0, 8791600.0, 9072160.0, 8898380.0]
bw_mc_arr = [8928620.0, 8812990.0, 8753410.0, 8952630.0, 9006010.0, 9008520.0, 8759260.0, 8789920.0, 8729130.0, 8711010.0, 8777440.0, 8783460.0, 9061070.0, 8749560.0, 8843520.0, 8798670.0, 8861840.0, 8879620.0, 8862160.0, 9165240.0, 8975140.0, 8775870.0, 8838380.0, 8774000.0, 8710940.0, 8867580.0, 8865900.0, 8947590.0, 8928150.0, 8792450.0, 8918790.0, 8848910.0, 8682490.0, 8724140.0, 8801590.0, 8757570.0, 8966840.0, 8886420.0, 8700670.0, 8951300.0, 8837140.0, 8858200.0, 8978000.0, 8839720.0, 8882960.0, 8702380.0, 8881020.0, 8825460.0, 8966930.0, 8778960.0, 8701030.0, 8826940.0, 8753040.0, 8687370.0, 8989360.0, 8854530.0, 8852620.0, 8712440.0, 8752960.0, 8953860.0, 8761180.0, 8943450.0, 8880950.0, 8957390.0, 8890180.0, 8957490.0, 8849130.0, 8830820.0, 8954710.0, 8697010.0, 8884900.0, 8910040.0, 8696930.0, 8988200.0, 8770590.0, 8836560.0, 9070230.0, 8995090.0, 8856340.0, 8854790.0, 8800660.0, 9067730.0, 8776890.0, 8891870.0, 8720290.0, 8963390.0, 8689650.0, 8819880.0, 8929720.0, 8962920.0, 8908420.0, 8737080.0, 8842590.0, 8924610.0, 8741790.0, 9003870.0, 8700950.0, 8791600.0, 9072160.0, 8898380.0]
Parameter ac_mc_params: Saving simulation summary as '[repr.filename][link=file:///home/sriram/MCD_VS/_runs/RUN_2026-06-30_10-35-10/parameters/ac_mc_params/simulation_summary.md]_runs/RUN_2026-06-30_10-35-10/parameters/ac_mc_params/simulation_summary.md[/link][/repr.filename]'…
Parameter ac_mc_params: Plotting gain_mc to '[repr.filename][link=file:///home/sriram/MCD_VS/_runs/RUN_2026-06-30_10-35-10/parameters/ac_mc_params]_runs/RUN_2026-06-30_10-35-10/parameters/ac_mc_params[/link][/repr.filename]'…
Parameter ac_mc_params: Plotting bw_mc to '[repr.filename][link=file:///home/sriram/MCD_VS/_runs/RUN_2026-06-30_10-35-10/parameters/ac_mc_params]_runs/RUN_2026-06-30_10-35-10/parameters/ac_mc_params[/link][/repr.filename]'…
Parameter tran_params: Running simulations…
Parameter ac_params: Running simulations…
Parameter noise_params: Running simulations…
Parameter tran_params: Collecting results…
Parameter tran_params: Saving simulation summary as '[repr.filename][link=file:///home/sriram/MCD_VS/_runs/RUN_2026-06-30_10-35-10/parameters/tran_params/simulation_summary.md]_runs/RUN_2026-06-30_10-35-10/parameters/tran_params/simulation_summary.md[/link][/repr.filename]'…
Parameter tran_params: Plotting settling_vs_temp to '[repr.filename][link=file:///home/sriram/MCD_VS/_runs/RUN_2026-06-30_10-35-10/parameters/tran_params]_runs/RUN_2026-06-30_10-35-10/parameters/tran_params[/link][/repr.filename]'…
Parameter tran_params: Plotting settling_vs_vin to '[repr.filename][link=file:///home/sriram/MCD_VS/_runs/RUN_2026-06-30_10-35-10/parameters/tran_params]_runs/RUN_2026-06-30_10-35-10/parameters/tran_params[/link][/repr.filename]'…
Parameter tran_params: Plotting settling_vs_vdd to '[repr.filename][link=file:///home/sriram/MCD_VS/_runs/RUN_2026-06-30_10-35-10/parameters/tran_params]_runs/RUN_2026-06-30_10-35-10/parameters/tran_params[/link][/repr.filename]'…
Parameter tran_params: Plotting settling_vs_corner to '[repr.filename][link=file:///home/sriram/MCD_VS/_runs/RUN_2026-06-30_10-35-10/parameters/tran_params]_runs/RUN_2026-06-30_10-35-10/parameters/tran_params[/link][/repr.filename]'…
Parameter noise_params: Collecting results…
Parameter ac_params: Collecting results…
Parameter noise_params: Saving simulation summary as '[repr.filename][link=file:///home/sriram/MCD_VS/_runs/RUN_2026-06-30_10-35-10/parameters/noise_params/simulation_summary.md]_runs/RUN_2026-06-30_10-35-10/parameters/noise_params/simulation_summary.md[/link][/repr.filename]'…
Parameter ac_params: Saving simulation summary as '[repr.filename][link=file:///home/sriram/MCD_VS/_runs/RUN_2026-06-30_10-35-10/parameters/ac_params/simulation_summary.md]_runs/RUN_2026-06-30_10-35-10/parameters/ac_params/simulation_summary.md[/link][/repr.filename]'…
Parameter noise_params: Plotting noise_vs_temp to '[repr.filename][link=file:///home/sriram/MCD_VS/_runs/RUN_2026-06-30_10-35-10/parameters/noise_params]_runs/RUN_2026-06-30_10-35-10/parameters/noise_params[/link][/repr.filename]'…
Parameter ac_params: Plotting gain_vs_temp to '[repr.filename][link=file:///home/sriram/MCD_VS/_runs/RUN_2026-06-30_10-35-10/parameters/ac_params]_runs/RUN_2026-06-30_10-35-10/parameters/ac_params[/link][/repr.filename]'…
Parameter noise_params: Plotting noise_vs_vin to '[repr.filename][link=file:///home/sriram/MCD_VS/_runs/RUN_2026-06-30_10-35-10/parameters/noise_params]_runs/RUN_2026-06-30_10-35-10/parameters/noise_params[/link][/repr.filename]'…
Parameter ac_params: Plotting gain_vs_vin to '[repr.filename][link=file:///home/sriram/MCD_VS/_runs/RUN_2026-06-30_10-35-10/parameters/ac_params]_runs/RUN_2026-06-30_10-35-10/parameters/ac_params[/link][/repr.filename]'…
Parameter noise_params: Plotting noise_vs_vdd to '[repr.filename][link=file:///home/sriram/MCD_VS/_runs/RUN_2026-06-30_10-35-10/parameters/noise_params]_runs/RUN_2026-06-30_10-35-10/parameters/noise_params[/link][/repr.filename]'…
Parameter ac_params: Plotting gain_vs_vdd to '[repr.filename][link=file:///home/sriram/MCD_VS/_runs/RUN_2026-06-30_10-35-10/parameters/ac_params]_runs/RUN_2026-06-30_10-35-10/parameters/ac_params[/link][/repr.filename]'…
Parameter noise_params: Plotting noise_vs_corner to '[repr.filename][link=file:///home/sriram/MCD_VS/_runs/RUN_2026-06-30_10-35-10/parameters/noise_params]_runs/RUN_2026-06-30_10-35-10/parameters/noise_params[/link][/repr.filename]'…
Parameter ac_params: Plotting gain_vs_corner to '[repr.filename][link=file:///home/sriram/MCD_VS/_runs/RUN_2026-06-30_10-35-10/parameters/ac_params]_runs/RUN_2026-06-30_10-35-10/parameters/ac_params[/link][/repr.filename]'…
Parameter ac_params: Plotting bw_vs_temp to '[repr.filename][link=file:///home/sriram/MCD_VS/_runs/RUN_2026-06-30_10-35-10/parameters/ac_params]_runs/RUN_2026-06-30_10-35-10/parameters/ac_params[/link][/repr.filename]'…
Parameter ac_params: Plotting bw_vs_vin to '[repr.filename][link=file:///home/sriram/MCD_VS/_runs/RUN_2026-06-30_10-35-10/parameters/ac_params]_runs/RUN_2026-06-30_10-35-10/parameters/ac_params[/link][/repr.filename]'…
Parameter ac_params: Plotting bw_vs_vdd to '[repr.filename][link=file:///home/sriram/MCD_VS/_runs/RUN_2026-06-30_10-35-10/parameters/ac_params]_runs/RUN_2026-06-30_10-35-10/parameters/ac_params[/link][/repr.filename]'…
Parameter ac_params: Plotting bw_vs_corner to '[repr.filename][link=file:///home/sriram/MCD_VS/_runs/RUN_2026-06-30_10-35-10/parameters/ac_params]_runs/RUN_2026-06-30_10-35-10/parameters/ac_params[/link][/repr.filename]'…
Done with CACE simulations and evaluations in 0:00:55.
