Running parameters: ac_params, ac_mc_params, noise_params, tran_params
Generating simulation netlist from schematic…
Parameter noise_params: Generating simulation files…
Parameter ac_mc_params: Generating simulation files…
Parameter ac_params: Generating simulation files…
Parameter tran_params: Generating simulation files…
Collating results using condition "iterations"
Parameter ac_mc_params: Running simulations…
Parameter ac_mc_params: Collecting results…
Running user-defined script '[repr.filename][link=file:///home/sriram/MCD_VS/cace/scripts/ota-5t-ac.py]cace/scripts/ota-5t-ac.py[/link][/repr.filename]'…
gain_mc_arr = [1.00355, 1.00335, 1.00371, 1.00341, 1.00354, 1.00348, 1.00325, 1.00333, 1.00401, 1.00334, 1.00379, 1.00339, 1.00382, 1.00335, 1.00348, 1.00347, 1.00345, 1.00339, 1.00313, 1.00359, 1.00395, 1.0037, 1.00354, 1.00355, 1.00354, 1.00355, 1.0034, 1.00361, 1.00352, 1.00351, 1.0038, 1.00346, 1.00338, 1.00345, 1.00326, 1.00339, 1.00362, 1.00379, 1.00353, 1.00364, 1.00341, 1.00341, 1.00346, 1.00373, 1.00365, 1.00335, 1.00371, 1.00349, 1.00348, 1.0036, 1.00358, 1.00346, 1.00356, 1.00358, 1.00358, 1.00366, 1.00366, 1.00308, 1.00356, 1.00353, 1.0036, 1.00339, 1.00386, 1.00367, 1.00341, 1.00383, 1.00367, 1.0036, 1.00365, 1.00354, 1.00371, 1.00368, 1.0035, 1.00391, 1.00344, 1.00353, 1.0035, 1.00348, 1.00376, 1.00342, 1.00341, 1.00365, 1.00352, 1.00348, 1.00333, 1.00365, 1.00361, 1.00334, 1.00348, 1.00366, 1.00349, 1.00367, 1.00343, 1.0034, 1.00332, 1.00379, 1.00357, 1.00319, 1.00367, 1.00365]
gain_mc_arr = [1.00355, 1.00335, 1.00371, 1.00341, 1.00354, 1.00348, 1.00325, 1.00333, 1.00401, 1.00334, 1.00379, 1.00339, 1.00382, 1.00335, 1.00348, 1.00347, 1.00345, 1.00339, 1.00313, 1.00359, 1.00395, 1.0037, 1.00354, 1.00355, 1.00354, 1.00355, 1.0034, 1.00361, 1.00352, 1.00351, 1.0038, 1.00346, 1.00338, 1.00345, 1.00326, 1.00339, 1.00362, 1.00379, 1.00353, 1.00364, 1.00341, 1.00341, 1.00346, 1.00373, 1.00365, 1.00335, 1.00371, 1.00349, 1.00348, 1.0036, 1.00358, 1.00346, 1.00356, 1.00358, 1.00358, 1.00366, 1.00366, 1.00308, 1.00356, 1.00353, 1.0036, 1.00339, 1.00386, 1.00367, 1.00341, 1.00383, 1.00367, 1.0036, 1.00365, 1.00354, 1.00371, 1.00368, 1.0035, 1.00391, 1.00344, 1.00353, 1.0035, 1.00348, 1.00376, 1.00342, 1.00341, 1.00365, 1.00352, 1.00348, 1.00333, 1.00365, 1.00361, 1.00334, 1.00348, 1.00366, 1.00349, 1.00367, 1.00343, 1.0034, 1.00332, 1.00379, 1.00357, 1.00319, 1.00367, 1.00365]
bw_mc_arr = [23481400.0, 22423200.0, 22577100.0, 22827800.0, 23024800.0, 23279500.0, 22362000.0, 21808100.0, 22416400.0, 22563400.0, 22697900.0, 22617300.0, 23305400.0, 22708300.0, 22785700.0, 22437800.0, 22233300.0, 22609600.0, 22434300.0, 23662600.0, 22845600.0, 22522900.0, 22871100.0, 22376800.0, 22410500.0, 22469900.0, 22673600.0, 23044900.0, 22787600.0, 22521100.0, 22284300.0, 22696800.0, 21931300.0, 21844800.0, 22133000.0, 22549800.0, 22663800.0, 22436300.0, 21833300.0, 23019300.0, 22063400.0, 22287300.0, 22541800.0, 22704600.0, 22494800.0, 22452900.0, 22496100.0, 22191700.0, 22871700.0, 22646000.0, 22294200.0, 22631100.0, 22639200.0, 21818600.0, 23223800.0, 22642500.0, 22750200.0, 22155900.0, 22364600.0, 22778400.0, 22382200.0, 22732500.0, 22948500.0, 22862200.0, 22722000.0, 22825700.0, 22386900.0, 22448900.0, 23109600.0, 22092500.0, 22632800.0, 22949400.0, 22178100.0, 23281700.0, 22090400.0, 22643000.0, 23002500.0, 22841100.0, 22721900.0, 22506700.0, 22237200.0, 23054600.0, 22205100.0, 23069200.0, 22137800.0, 23006800.0, 21884900.0, 22630600.0, 22831600.0, 23396700.0, 22886700.0, 22779900.0, 22781000.0, 22737500.0, 22405800.0, 23391400.0, 22137300.0, 22768300.0, 23418500.0, 22795500.0]
bw_mc_arr = [23481400.0, 22423200.0, 22577100.0, 22827800.0, 23024800.0, 23279500.0, 22362000.0, 21808100.0, 22416400.0, 22563400.0, 22697900.0, 22617300.0, 23305400.0, 22708300.0, 22785700.0, 22437800.0, 22233300.0, 22609600.0, 22434300.0, 23662600.0, 22845600.0, 22522900.0, 22871100.0, 22376800.0, 22410500.0, 22469900.0, 22673600.0, 23044900.0, 22787600.0, 22521100.0, 22284300.0, 22696800.0, 21931300.0, 21844800.0, 22133000.0, 22549800.0, 22663800.0, 22436300.0, 21833300.0, 23019300.0, 22063400.0, 22287300.0, 22541800.0, 22704600.0, 22494800.0, 22452900.0, 22496100.0, 22191700.0, 22871700.0, 22646000.0, 22294200.0, 22631100.0, 22639200.0, 21818600.0, 23223800.0, 22642500.0, 22750200.0, 22155900.0, 22364600.0, 22778400.0, 22382200.0, 22732500.0, 22948500.0, 22862200.0, 22722000.0, 22825700.0, 22386900.0, 22448900.0, 23109600.0, 22092500.0, 22632800.0, 22949400.0, 22178100.0, 23281700.0, 22090400.0, 22643000.0, 23002500.0, 22841100.0, 22721900.0, 22506700.0, 22237200.0, 23054600.0, 22205100.0, 23069200.0, 22137800.0, 23006800.0, 21884900.0, 22630600.0, 22831600.0, 23396700.0, 22886700.0, 22779900.0, 22781000.0, 22737500.0, 22405800.0, 23391400.0, 22137300.0, 22768300.0, 23418500.0, 22795500.0]
Parameter ac_mc_params: Saving simulation summary as '[repr.filename][link=file:///home/sriram/MCD_VS/_runs/RUN_2026-06-30_13-24-20/parameters/ac_mc_params/simulation_summary.md]_runs/RUN_2026-06-30_13-24-20/parameters/ac_mc_params/simulation_summary.md[/link][/repr.filename]'…
Parameter ac_mc_params: Plotting gain_mc to '[repr.filename][link=file:///home/sriram/MCD_VS/_runs/RUN_2026-06-30_13-24-20/parameters/ac_mc_params]_runs/RUN_2026-06-30_13-24-20/parameters/ac_mc_params[/link][/repr.filename]'…
Parameter ac_mc_params: Plotting bw_mc to '[repr.filename][link=file:///home/sriram/MCD_VS/_runs/RUN_2026-06-30_13-24-20/parameters/ac_mc_params]_runs/RUN_2026-06-30_13-24-20/parameters/ac_mc_params[/link][/repr.filename]'…
Parameter tran_params: Running simulations…
Parameter ac_params: Running simulations…
Parameter noise_params: Running simulations…
Parameter tran_params: Collecting results…
Parameter tran_params: Saving simulation summary as '[repr.filename][link=file:///home/sriram/MCD_VS/_runs/RUN_2026-06-30_13-24-20/parameters/tran_params/simulation_summary.md]_runs/RUN_2026-06-30_13-24-20/parameters/tran_params/simulation_summary.md[/link][/repr.filename]'…
Parameter tran_params: Plotting settling_vs_temp to '[repr.filename][link=file:///home/sriram/MCD_VS/_runs/RUN_2026-06-30_13-24-20/parameters/tran_params]_runs/RUN_2026-06-30_13-24-20/parameters/tran_params[/link][/repr.filename]'…
Parameter tran_params: Plotting settling_vs_vin to '[repr.filename][link=file:///home/sriram/MCD_VS/_runs/RUN_2026-06-30_13-24-20/parameters/tran_params]_runs/RUN_2026-06-30_13-24-20/parameters/tran_params[/link][/repr.filename]'…
Parameter tran_params: Plotting settling_vs_vdd to '[repr.filename][link=file:///home/sriram/MCD_VS/_runs/RUN_2026-06-30_13-24-20/parameters/tran_params]_runs/RUN_2026-06-30_13-24-20/parameters/tran_params[/link][/repr.filename]'…
Parameter tran_params: Plotting settling_vs_corner to '[repr.filename][link=file:///home/sriram/MCD_VS/_runs/RUN_2026-06-30_13-24-20/parameters/tran_params]_runs/RUN_2026-06-30_13-24-20/parameters/tran_params[/link][/repr.filename]'…
Parameter ac_params: Collecting results…
Parameter ac_params: Saving simulation summary as '[repr.filename][link=file:///home/sriram/MCD_VS/_runs/RUN_2026-06-30_13-24-20/parameters/ac_params/simulation_summary.md]_runs/RUN_2026-06-30_13-24-20/parameters/ac_params/simulation_summary.md[/link][/repr.filename]'…
Parameter noise_params: Collecting results…
Parameter ac_params: Plotting gain_vs_temp to '[repr.filename][link=file:///home/sriram/MCD_VS/_runs/RUN_2026-06-30_13-24-20/parameters/ac_params]_runs/RUN_2026-06-30_13-24-20/parameters/ac_params[/link][/repr.filename]'…
Parameter noise_params: Saving simulation summary as '[repr.filename][link=file:///home/sriram/MCD_VS/_runs/RUN_2026-06-30_13-24-20/parameters/noise_params/simulation_summary.md]_runs/RUN_2026-06-30_13-24-20/parameters/noise_params/simulation_summary.md[/link][/repr.filename]'…
Parameter noise_params: Plotting noise_vs_temp to '[repr.filename][link=file:///home/sriram/MCD_VS/_runs/RUN_2026-06-30_13-24-20/parameters/noise_params]_runs/RUN_2026-06-30_13-24-20/parameters/noise_params[/link][/repr.filename]'…
Parameter ac_params: Plotting gain_vs_vin to '[repr.filename][link=file:///home/sriram/MCD_VS/_runs/RUN_2026-06-30_13-24-20/parameters/ac_params]_runs/RUN_2026-06-30_13-24-20/parameters/ac_params[/link][/repr.filename]'…
Parameter noise_params: Plotting noise_vs_vin to '[repr.filename][link=file:///home/sriram/MCD_VS/_runs/RUN_2026-06-30_13-24-20/parameters/noise_params]_runs/RUN_2026-06-30_13-24-20/parameters/noise_params[/link][/repr.filename]'…
Parameter ac_params: Plotting gain_vs_vdd to '[repr.filename][link=file:///home/sriram/MCD_VS/_runs/RUN_2026-06-30_13-24-20/parameters/ac_params]_runs/RUN_2026-06-30_13-24-20/parameters/ac_params[/link][/repr.filename]'…
Parameter noise_params: Plotting noise_vs_vdd to '[repr.filename][link=file:///home/sriram/MCD_VS/_runs/RUN_2026-06-30_13-24-20/parameters/noise_params]_runs/RUN_2026-06-30_13-24-20/parameters/noise_params[/link][/repr.filename]'…
Parameter ac_params: Plotting gain_vs_corner to '[repr.filename][link=file:///home/sriram/MCD_VS/_runs/RUN_2026-06-30_13-24-20/parameters/ac_params]_runs/RUN_2026-06-30_13-24-20/parameters/ac_params[/link][/repr.filename]'…
Parameter noise_params: Plotting noise_vs_corner to '[repr.filename][link=file:///home/sriram/MCD_VS/_runs/RUN_2026-06-30_13-24-20/parameters/noise_params]_runs/RUN_2026-06-30_13-24-20/parameters/noise_params[/link][/repr.filename]'…
Parameter ac_params: Plotting bw_vs_temp to '[repr.filename][link=file:///home/sriram/MCD_VS/_runs/RUN_2026-06-30_13-24-20/parameters/ac_params]_runs/RUN_2026-06-30_13-24-20/parameters/ac_params[/link][/repr.filename]'…
Parameter ac_params: Plotting bw_vs_vin to '[repr.filename][link=file:///home/sriram/MCD_VS/_runs/RUN_2026-06-30_13-24-20/parameters/ac_params]_runs/RUN_2026-06-30_13-24-20/parameters/ac_params[/link][/repr.filename]'…
Parameter ac_params: Plotting bw_vs_vdd to '[repr.filename][link=file:///home/sriram/MCD_VS/_runs/RUN_2026-06-30_13-24-20/parameters/ac_params]_runs/RUN_2026-06-30_13-24-20/parameters/ac_params[/link][/repr.filename]'…
Parameter ac_params: Plotting bw_vs_corner to '[repr.filename][link=file:///home/sriram/MCD_VS/_runs/RUN_2026-06-30_13-24-20/parameters/ac_params]_runs/RUN_2026-06-30_13-24-20/parameters/ac_params[/link][/repr.filename]'…
Done with CACE simulations and evaluations in 0:00:39.
