
Note: No compatibility mode selected!


Circuit: ** sch_path: /home/sriram/mcd_vs/_runs/run_2026-06-30_16-33-54/parameters/tran_params/run_1941/ota-2stage-tran.sch

Doing analysis at TEMP = -40.000000 and TNOM = 27.000000

Using SPARSE 1.3 as Direct Linear Solver
Operating point simulation skipped by 'uic',
  now using transient initial conditions.
 Reference value :  5.00000e-11
 Reference value :  1.22646e-06
 Reference value :  3.31874e-06
 Reference value :  4.31374e-06
 Reference value :  5.40874e-06
 Reference value :  6.51874e-06
 Reference value :  8.19874e-06
 Reference value :  1.05987e-05
 Reference value :  1.14637e-05
 Reference value :  1.27737e-05
No. of Data Rows : 3026
tcross              =  1.44224e-08
tstart              =  0.00000e+00
Note: Simulation executed from .control section 
