
Note: No compatibility mode selected!


Circuit: ** sch_path: /home/sriram/mcd_vs/_runs/run_2026-06-30_13-24-20/parameters/tran_params/run_108/ota-5t-tran.sch

Doing analysis at TEMP = -40.000000 and TNOM = 27.000000

Using SPARSE 1.3 as Direct Linear Solver
Operating point simulation skipped by 'uic',
  now using transient initial conditions.
 Reference value :  4.17649e-07
 Reference value :  2.39761e-06
 Reference value :  2.88261e-06
 Reference value :  3.37761e-06
 Reference value :  3.88761e-06
 Reference value :  4.35261e-06
 Reference value :  5.68761e-06
 Reference value :  8.13761e-06
 Reference value :  1.09176e-05
 Reference value :  1.37026e-05
No. of Data Rows : 3026
tcross              =  1.17305e-08
tstart              =  0.00000e+00
Note: Simulation executed from .control section 
