
Note: No compatibility mode selected!


Circuit: ** sch_path: /home/sriram/mcd_vs/_runs/run_2026-06-30_16-33-54/parameters/tran_params/run_3240/ota-2stage-tran.sch

Doing analysis at TEMP = -40.000000 and TNOM = 27.000000

Using SPARSE 1.3 as Direct Linear Solver
Operating point simulation skipped by 'uic',
  now using transient initial conditions.
 Reference value :  5.00000e-11
 Reference value :  3.04270e-06
 Reference value :  3.96270e-06
 Reference value :  4.63770e-06
 Reference value :  5.44270e-06
 Reference value :  6.61270e-06
 Reference value :  7.45770e-06
 Reference value :  8.29270e-06
 Reference value :  9.46770e-06
 Reference value :  1.02877e-05
 Reference value :  1.14227e-05
 Reference value :  1.29327e-05
 Reference value :  1.42927e-05
No. of Data Rows : 3027
tcross              =  1.37849e-08
tstart              =  0.00000e+00
Note: Simulation executed from .control section 
